# Perimeter enforcement propagation — measured run
#
# Perimeter:      apigee_poc_perimeter (scoped policy, enforced)
# Restricted:     run.googleapis.com, storage.googleapis.com
# Created at:     ~2026-09-05T11:49:30Z
# Probe start:    2026-09-05T11:51:10Z (gap to creation: ~1m40s)
# Probe:          VM -> public GCS bucket in an out-of-perimeter project
#                 200 = perimeter not yet enforcing; 403 = enforcing
# Transport:      VM_CHANNEL=metadata (no SSH/IAP in this container)
#
# Creation-to-enforcement, derived:
#   first 403 (flap)   ~24m14s
#   reverted to 200    ~25m27s
#   403 again, stable  ~27m47s
#   confirmed x3       ~30m05s
#
# Project id/number redacted.

=== VPC-SC propagation measurement ===
Project:  <PROJECT_ID>
Probe:    VM → https://storage.googleapis.com/storage/v1/b/gcp-public-data-landsat
Target:   BLOCKED
Interval: 60s, max 90m, confirm x3
Started:  2026-09-05 11:51:05 UTC

[11:51:10 +0m0s] HTTP 200 — initial state: OPEN
Watching for BLOCKED (confirmed x3)...

[11:52:24 +1m5s] HTTP 200 — OPEN
[11:53:31 +2m19s] HTTP 200 — OPEN
[11:54:37 +3m26s] HTTP 200 — OPEN
[11:55:42 +4m32s] HTTP 200 — OPEN
[11:56:49 +5m37s] HTTP 200 — OPEN
[11:57:54 +6m44s] HTTP 200 — OPEN
[11:59:00 +7m49s] HTTP 200 — OPEN
[12:00:06 +8m55s] HTTP 200 — OPEN
[12:01:19 +10m1s] HTTP 200 — OPEN
[12:02:26 +11m14s] HTTP 200 — OPEN
[12:03:32 +12m21s] HTTP 200 — OPEN
[12:04:46 +13m27s] HTTP 200 — OPEN
[12:05:51 +14m41s] HTTP 200 — OPEN
[12:07:03 +15m46s] HTTP 200 — OPEN
[12:08:09 +16m58s] HTTP 200 — OPEN
[12:09:14 +18m4s] HTTP 200 — OPEN
[12:10:20 +19m9s] HTTP 200 — OPEN
[12:11:25 +20m15s] HTTP 200 — OPEN
[12:12:37 +21m20s] HTTP 200 — OPEN
[12:13:44 +22m32s] HTTP 403 — BLOCKED (confirmation 1/3)
[12:14:57 +23m39s] HTTP 200 — OPEN (flapped back — resetting confirmation)
[12:16:04 +24m52s] HTTP 200 — OPEN
[12:17:17 +25m59s] HTTP 403 — BLOCKED (confirmation 1/3)
[12:18:23 +27m12s] HTTP 403 — BLOCKED (confirmation 2/3)
[12:19:35 +28m18s] HTTP 403 — BLOCKED (confirmation 3/3)

=== Propagation measured ===
State change:   OPEN → BLOCKED
First observed: 25m59s after start
Confirmed:      28m18s after start (3 consecutive probes)

NOTE: the clock starts when THIS script starts. For a true
creation-to-enforcement number, start it immediately after
setup.sh/teardown.sh finishes and add the gap manually.

[exited with code 0]
