==========================================================
  VPC-SC DNS scope map — which domains does the tenant reach?
==========================================================
Project:        <PROJECT_ID>
Phase:          before
Cloud Run:      https://cr-hello-psbk34e45a-ma.a.run.app
Apigee runtime: 10.2.0.2
Run at:         2026-09-07 11:25:56 UTC

enable-vpc-service-controls currently: False

--- Fixtures: one pass-through proxy per probe ---
  probe-gapi: deployed rev 1 (/scope-gapi -> storage.googleapis.com)
  probe-pkgdev: deployed rev 1 (/scope-pkgdev -> europe-north2-docker.pkg.dev)
  probe-gcrio: deployed rev 1 (/scope-gcrio -> gcr.io)
  probe-runapp: deployed rev 1 (/scope-runapp -> cr-hello-psbk34e45a-ma.a.run.app)
  probe-inet: deployed rev 1 (/scope-inet -> www.google.com)

==========================================================
  RESULTS — phase 'before', VPC-SC enabled=False
==========================================================
PROBE    TARGET HOST                        RESULT                 CLASSIFICATION
-----    -----------                        ------                 --------------
gapi     storage.googleapis.com             connected HTTP 200     DOC-NAMED googleapis.com
pkgdev   europe-north2-docker.pkg.dev       connected HTTP 401     DOC-NAMED pkg.dev
gcrio    gcr.io                             connected HTTP 401     DOC-NAMED gcr.io
runapp   cr-hello-psbk34e45a-ma.a.run.app   connected HTTP 404     DOC-VAGUE run.app  <<< THE DISPUTED ONE
inet     www.google.com                     connected HTTP 204     CONTROL public internet

--- VM control: what THIS VPC resolves (should be unaffected throughout) ---
  storage.googleapis.com -> 2a00:1450:400c:c0c::cf 2a00:1450:400c:c00::cf 2a00:1450:400c:c0b::cf 2a00:1450:400c:c21::cf 
  gcr.io -> 2a00:1450:400c:c1f::52 
  cr-hello-psbk34e45a-ma.a.run.app -> 2600:1901:81d5:200:: 2600:1900:4242:200:: 2600:1901:81d4:200:: 2600:1900:4244:200:: 2600:1900:4240:200:: 2600:1900:4245:200:: 2600:1900:4241:200:: 2600:1900:4243:200:: 
  www.google.com -> 2001:4860:4827:7700:: 2001:4860:482b:7700:: 2001:4860:4826:7700:: 2001:4860:482c:7700:: 2001:4860:482a:7700:: 2001:4860:482d:7700:: 2001:4860:4828:7700:: 2001:4860:4829:7700:: 

==========================================================
  How to read this
==========================================================
  Phase 'before' (VPC-SC off): everything should connect. The tenant still has
  its default internet route, so this only proves the fixtures work.

  Phase 'after' (VPC-SC on): the discriminator.
    - DOC-NAMED domains connecting proves the mechanism is working.
    - CONTROL (www.google.com) failing proves the default route was removed.
    - run.app failing IN THE SAME RUN proves run.app is not in the zone set,
      and that its failure is a consequence of the route removal rather than
      anything specific to Cloud Run.

  If run.app fails while googleapis.com/pkg.dev/gcr.io succeed, the phrase
  "and other necessary domains" demonstrably does not include run.app, and a
  peered DNS domain (gcloud services peered-dns-domains create) is required.
